
> kospi-ai-trading-fe@0.1.0 build
> tsc -b && vite build

vite v6.4.3 building for production...
transforming...
✓ 2041 modules transformed.
rendering chunks...
computing gzip size...
dist/index.html                                            1.56 kB │ gzip:  0.67 kB
dist/about/index.html                                      5.97 kB │ gzip:  2.32 kB
dist/about.html                                            5.97 kB │ gzip:  2.32 kB
dist/assets/PretendardVariable.subset.66-C3HqaDeY.woff2    8.25 kB
dist/assets/PretendardVariable.subset.64-CTbrgYF9.woff2    8.26 kB
dist/assets/PretendardVariable.subset.65-B66rjuyf.woff2   11.11 kB
dist/assets/PretendardVariable.subset.68-DS9B48d0.woff2   16.34 kB
dist/assets/PretendardVariable.subset.73-DMrK970F.woff2   18.34 kB
dist/assets/PretendardVariable.subset.72-pYYGrEQR.woff2   19.51 kB
dist/assets/PretendardVariable.subset.75-CxKdrRNf.woff2   20.00 kB
dist/assets/PretendardVariable.subset.90-BF7RiZjm.woff2   20.85 kB
dist/assets/PretendardVariable.subset.67-BmuXdlDy.woff2   21.84 kB
dist/assets/PretendardVariable.subset.89-DOzqWPpX.woff2   21.86 kB
dist/assets/PretendardVariable.subset.74-D4tQnymK.woff2   22.39 kB
dist/assets/PretendardVariable.subset.84-Brb8EsYQ.woff2   24.49 kB
dist/assets/PretendardVariable.subset.87-Lzui2vbK.woff2   24.66 kB
dist/assets/PretendardVariable.subset.76-DhPm2b_q.woff2   24.92 kB
dist/assets/PretendardVariable.subset.85-Byo_x2hf.woff2   25.10 kB
dist/assets/PretendardVariable.subset.88-CqX6JSgh.woff2   25.64 kB
dist/assets/PretendardVariable.subset.86-XG7lTN_6.woff2   25.72 kB
dist/assets/PretendardVariable.subset.77-DwaxqOC8.woff2   26.04 kB
dist/assets/PretendardVariable.subset.79-XpoyPP38.woff2   26.22 kB
dist/assets/PretendardVariable.subset.81-BZzF9Hb3.woff2   26.30 kB
dist/assets/PretendardVariable.subset.82-BgAHe30u.woff2   26.50 kB
dist/assets/PretendardVariable.subset.78-DhqRbBzT.woff2   26.55 kB
dist/assets/PretendardVariable.subset.83-DF-zBLLe.woff2   26.96 kB
dist/assets/PretendardVariable.subset.70-BUXiAGMT.woff2   27.55 kB
dist/assets/PretendardVariable.subset.37-BD6FyOtY.woff2   27.92 kB
dist/assets/PretendardVariable.subset.71-DuPZj8us.woff2   28.32 kB
dist/assets/PretendardVariable.subset.80-DsV9Qp_h.woff2   28.80 kB
dist/assets/PretendardVariable.subset.63-B35xsm4O.woff2   28.82 kB
dist/assets/PretendardVariable.subset.40-BDaOfdUe.woff2   29.84 kB
dist/assets/PretendardVariable.subset.43-DHdpry7N.woff2   30.38 kB
dist/assets/PretendardVariable.subset.7-E2HaA55t.woff2    31.91 kB
dist/assets/PretendardVariable.subset.1-C-__qv6_.woff2    32.04 kB
dist/assets/PretendardVariable.subset.44-qHopVhdd.woff2   32.14 kB
dist/assets/PretendardVariable.subset.24-CmkE8Q8D.woff2   32.30 kB
dist/assets/PretendardVariable.subset.10-DzSWztS8.woff2   33.03 kB
dist/assets/PretendardVariable.subset.41-BUACvzZC.woff2   33.19 kB
dist/assets/PretendardVariable.subset.50-C8IyFH7L.woff2   33.23 kB
dist/assets/PretendardVariable.subset.54-Dt2-cQkx.woff2   33.34 kB
dist/assets/PretendardVariable.subset.5-K_MNGNCe.woff2    33.62 kB
dist/assets/PretendardVariable.subset.6-Bxhohlcm.woff2    33.97 kB
dist/assets/PretendardVariable.subset.9-Btb3bmS6.woff2    34.01 kB
dist/assets/PretendardVariable.subset.55-jFgflYjX.woff2   34.18 kB
dist/assets/PretendardVariable.subset.39-B_7wfth9.woff2   34.26 kB
dist/assets/PretendardVariable.subset.52-CNgqKOOJ.woff2   34.36 kB
dist/assets/PretendardVariable.subset.0-BHUkWNFR.woff2    34.57 kB
dist/assets/PretendardVariable.subset.53-BSRnyb-u.woff2   34.57 kB
dist/assets/PretendardVariable.subset.42-Dp-5mnyL.woff2   34.61 kB
dist/assets/PretendardVariable.subset.45-BniyRFfm.woff2   34.66 kB
dist/assets/PretendardVariable.subset.36-Dn5IBRQB.woff2   34.69 kB
dist/assets/PretendardVariable.subset.34-CaCS33Md.woff2   34.72 kB
dist/assets/PretendardVariable.subset.69-YT16ymcp.woff2   34.78 kB
dist/assets/PretendardVariable.subset.38-D4hu443z.woff2   34.81 kB
dist/assets/PretendardVariable.subset.62-DGSAWCfb.woff2   34.88 kB
dist/assets/PretendardVariable.subset.33--0OT__YQ.woff2   34.92 kB
dist/assets/PretendardVariable.subset.17-BfZSA-Xc.woff2   34.94 kB
dist/assets/PretendardVariable.subset.4-Bvh2YGoc.woff2    35.16 kB
dist/assets/PretendardVariable.subset.56-BwZdvJZQ.woff2   35.18 kB
dist/assets/PretendardVariable.subset.35-DWFYRGLp.woff2   35.35 kB
dist/assets/PretendardVariable.subset.27-CT6nuW9L.woff2   35.42 kB
dist/assets/PretendardVariable.subset.61-PUuTnod4.woff2   35.64 kB
dist/assets/PretendardVariable.subset.15-D04iXIE3.woff2   35.67 kB
dist/assets/PretendardVariable.subset.13-C42mj_j2.woff2   35.71 kB
dist/assets/PretendardVariable.subset.47-B-cWO2pw.woff2   35.72 kB
dist/assets/PretendardVariable.subset.57-BwFDg-Fs.woff2   35.96 kB
dist/assets/PretendardVariable.subset.51-Bxd0gTAs.woff2   36.02 kB
dist/assets/PretendardVariable.subset.49-BblQVys9.woff2   36.05 kB
dist/assets/PretendardVariable.subset.20-Ig1-z3n5.woff2   36.13 kB
dist/assets/PretendardVariable.subset.14-Bl512uUX.woff2   36.51 kB
dist/assets/PretendardVariable.subset.46-BMRq7xC-.woff2   36.54 kB
dist/assets/PretendardVariable.subset.8-CRbJhhyA.woff2    36.70 kB
dist/assets/PretendardVariable.subset.21-yKPEdLXC.woff2   37.27 kB
dist/assets/PretendardVariable.subset.11-CqVmlKJn.woff2   37.40 kB
dist/assets/PretendardVariable.subset.48-Ct-fWrPO.woff2   37.78 kB
dist/assets/PretendardVariable.subset.60-CeHezjjf.woff2   37.78 kB
dist/assets/PretendardVariable.subset.16-BQUnS2GX.woff2   37.92 kB
dist/assets/PretendardVariable.subset.12-BHuZSgT0.woff2   37.94 kB
dist/assets/PretendardVariable.subset.91-Csm0YNoH.woff2   38.00 kB
dist/assets/PretendardVariable.subset.30-CWDM1c0J.woff2   38.45 kB
dist/assets/PretendardVariable.subset.28-CpO0Y96p.woff2   38.47 kB
dist/assets/PretendardVariable.subset.22-CSqxKoOs.woff2   38.68 kB
dist/assets/PretendardVariable.subset.59-CMkWjhdo.woff2   38.97 kB
dist/assets/PretendardVariable.subset.29-D6hjrUWm.woff2   39.29 kB
dist/assets/PretendardVariable.subset.32-CGnFWD2i.woff2   40.22 kB
dist/assets/PretendardVariable.subset.23-DK80wi0t.woff2   40.28 kB
dist/assets/PretendardVariable.subset.26-Sozl8dw8.woff2   40.32 kB
dist/assets/PretendardVariable.subset.3-Dqw33sf4.woff2    40.65 kB
dist/assets/PretendardVariable.subset.58-DlucQts_.woff2   41.56 kB
dist/assets/PretendardVariable.subset.18-CwAxMC3C.woff2   41.60 kB
dist/assets/PretendardVariable.subset.31-CdmyZ5mm.woff2   41.89 kB
dist/assets/PretendardVariable.subset.25-CsoWBIZB.woff2   42.03 kB
dist/assets/PretendardVariable.subset.19-CJu4Zcdo.woff2   42.33 kB
dist/assets/PretendardVariable.subset.2-dCZkyKLw.woff2    43.92 kB
dist/assets/ConnectionNotice-DW8UqVig.css                  1.07 kB │ gzip:  0.45 kB
dist/assets/AboutPage-CcWdyILC.css                         1.46 kB │ gzip:  0.59 kB
dist/assets/HistoryPage-CGqE9fzV.css                       2.46 kB │ gzip:  0.83 kB
dist/assets/AppShell-aPhKQFEC.css                          3.04 kB │ gzip:  0.92 kB
dist/assets/RankTable-DqCD-A7U.css                         3.62 kB │ gzip:  1.12 kB
dist/assets/StockReportPage-DUPaGRoi.css                   5.63 kB │ gzip:  1.55 kB
dist/assets/briefing-Cep1DHyQ.css                          9.44 kB │ gzip:  2.23 kB
dist/assets/index-VvWmgdk_.css                           116.65 kB │ gzip: 28.40 kB
dist/assets/stockChart-BZDaeY1C.js                         0.06 kB │ gzip:  0.07 kB
dist/assets/usePageTitle-CyIV58MY.js                       0.24 kB │ gzip:  0.22 kB
dist/assets/paths-DI6L-2Us.js                              0.28 kB │ gzip:  0.22 kB
dist/assets/chevron-left-BilUXMgQ.js                       0.35 kB │ gzip:  0.28 kB
dist/assets/chevron-right-BSd1pt8D.js                      0.35 kB │ gzip:  0.27 kB
dist/assets/x-CDLseWB6.js                                  0.37 kB │ gzip:  0.28 kB
dist/assets/arrow-left-Ba8uMxRt.js                         0.38 kB │ gzip:  0.29 kB
dist/assets/arrow-right-8YZuwH_U.js                        0.38 kB │ gzip:  0.29 kB
dist/assets/arrow-up-right-CT4CABPL.js                     0.38 kB │ gzip:  0.29 kB
dist/assets/search-3NTjUs3d.js                             0.39 kB │ gzip:  0.30 kB
dist/assets/brand-3Q1xJM6z.js                              0.45 kB │ gzip:  0.33 kB
dist/assets/book-open-emOaoqt7.js                          0.51 kB │ gzip:  0.36 kB
dist/assets/NotFoundPage-C8wRJCsb.js                       1.07 kB │ gzip:  0.70 kB
dist/assets/analysis-CMXLAODc.js                           1.08 kB │ gzip:  0.67 kB
dist/assets/rankData-QiZHFAMl.js                           1.21 kB │ gzip:  0.71 kB
dist/assets/candidateProduction-D1-jNvPB.js                1.30 kB │ gzip:  0.82 kB
dist/assets/WatchlistPage-9QxiJbZs.js                      3.85 kB │ gzip:  1.77 kB
dist/assets/AboutPage-C8g7wfIG.js                          4.29 kB │ gzip:  2.02 kB
dist/assets/ConnectionNotice-CbsRrk5Z.js                   4.48 kB │ gzip:  1.95 kB
dist/assets/RankTable-DamG647F.js                          4.57 kB │ gzip:  1.86 kB
dist/assets/createLucideIcon-0mLaRh7M.js                   4.86 kB │ gzip:  1.66 kB
dist/assets/RankPage-BK8F32A2.js                           5.89 kB │ gzip:  2.45 kB
dist/assets/pipelineAdapter-Pa-sq5Jc.js                    6.83 kB │ gzip:  3.08 kB
dist/assets/AppShell-CBh90ajL.js                           8.44 kB │ gzip:  3.68 kB
dist/assets/HistoryPage-CTgL1A-f.js                       10.96 kB │ gzip:  3.62 kB
dist/assets/LandingPage-6GCKyL5W.js                       11.81 kB │ gzip:  4.53 kB
dist/assets/BriefingPage-DdHL_cp9.js                      12.98 kB │ gzip:  4.87 kB
dist/assets/briefing-orBuZBKd.js                          15.05 kB │ gzip:  5.56 kB
dist/assets/tradingData-C1LC9Tnd.js                       18.77 kB │ gzip:  7.08 kB
dist/assets/StockReportPage-C0ZGoW33.js                   22.36 kB │ gzip:  7.26 kB
dist/assets/DashboardPage-Bz7Kdh9i.js                     22.39 kB │ gzip:  8.03 kB
dist/assets/format-C2VpI_1S.js                            25.08 kB │ gzip:  8.91 kB
dist/assets/StockDetailPage-DatFoY1m.js                   66.51 kB │ gzip: 22.74 kB
dist/assets/index-CF9K6gUf.js                            206.63 kB │ gzip: 67.15 kB
✓ built in 7.17s
